0
3
0
Classes+Dog
Hau!
1
Classes+Cat
Miau!
2
Classes+Duck
Kwak!
Kwak!
Kwak!
